+ vendor/longfellow-zk/clang-build-release/circuits/ecdsa/verify_test --benchmark_filter=BM_ECDSAZK --benchmark_min_time=2x
Unable to determine clock rate from sysctl: hw.cpufrequency: No such file or directory
This does not affect benchmark measurements, only the metadata output.
***WARNING*** Failed to set thread affinity. Estimated CPU frequency may be incorrect.
2026-09-26T03:17:56+09:00
Running vendor/longfellow-zk/clang-build-release/circuits/ecdsa/verify_test
Run on (8 X 24 MHz CPU s)
CPU Caches:
  L1 Data 64 KiB
  L1 Instruction 128 KiB
  L2 Unified 4096 KiB (x8)
Load Average: 40.90, 33.20, 22.33
---------------------------------------------------------------
Benchmark                     Time             CPU   Iterations
---------------------------------------------------------------
BM_ECDSAZKProver/1     40073396 ns     34445000 ns            2
BM_ECDSAZKProver/2     53371896 ns     52219000 ns            2
BM_ECDSAZKProver/3    120242313 ns     70454500 ns            2
BM_ECDSAZKVerifier/1   24711084 ns     22761000 ns            2
BM_ECDSAZKVerifier/2   37909395 ns     32316000 ns            2
BM_ECDSAZKVerifier/3   42337354 ns     40408000 ns            2
+ vendor/longfellow-zk/clang-build-release/circuits/tests/anoncred/small_test --benchmark_filter=BM_AnonCred --benchmark_min_time=3x
Unable to determine clock rate from sysctl: hw.cpufrequency: No such file or directory
This does not affect benchmark measurements, only the metadata output.
***WARNING*** Failed to set thread affinity. Estimated CPU frequency may be incorrect.
2026-09-26T03:17:59+09:00
Running vendor/longfellow-zk/clang-build-release/circuits/tests/anoncred/small_test
Run on (8 X 24 MHz CPU s)
CPU Caches:
  L1 Data 64 KiB
  L1 Instruction 128 KiB
  L2 Unified 4096 KiB (x8)
Load Average: 38.10, 32.75, 22.23
[INFO][+ 3360.237 ms] Compiled circuit: mdocsmall
[INFO][+    0.198 ms]  depth: 12 wires: 592555 in: 20171 out:4 use:494325 ovh:98230 t:1799704 cse:481591 notn:1361477
[INFO][+   63.052 ms] Witness done
[INFO][+    0.441 ms] Fill done
[INFO][+    0.094 ms] ZK Commit start
[INFO][+  123.251 ms] ZK Commitment done
[INFO][+  258.602 ms] ZK sumcheck done
[INFO][+    1.664 ms] ZK constraints done
[INFO][+   21.926 ms] Prover Done: flag
[INFO][+    0.828 ms] ZK Commit start
[INFO][+  120.320 ms] ZK Commitment done
[INFO][+  264.827 ms] ZK sumcheck done
[INFO][+    1.617 ms] ZK constraints done
[INFO][+   21.639 ms] Prover Done: flag
[INFO][+    1.649 ms] ZK Commit start
[INFO][+  123.037 ms] ZK Commitment done
[INFO][+  250.628 ms] ZK sumcheck done
[INFO][+    1.625 ms] ZK constraints done
[INFO][+   21.013 ms] Prover Done: flag
------------------------------------------------------
Benchmark            Time             CPU   Iterations
------------------------------------------------------
BM_AnonCred  404532528 ns    390749667 ns            3
+ vendor/longfellow-zk/clang-build-release/circuits/sha/flatsha256_circuit_test '--gtest_filter=*block_size*' '--benchmark_filter=BM_ShaZK_fp2_128/(1|2|4|8)$' --benchmark_min_time=2x
Unable to determine clock rate from sysctl: hw.cpufrequency: No such file or directory
This does not affect benchmark measurements, only the metadata output.
***WARNING*** Failed to set thread affinity. Estimated CPU frequency may be incorrect.
2026-09-26T03:18:03+09:00
Running vendor/longfellow-zk/clang-build-release/circuits/sha/flatsha256_circuit_test
Run on (8 X 24 MHz CPU s)
CPU Caches:
  L1 Data 64 KiB
  L1 Instruction 128 KiB
  L2 Unified 4096 KiB (x8)
Load Average: 35.45, 32.29, 22.13
-------------------------------------------------------------
Benchmark                   Time             CPU   Iterations
-------------------------------------------------------------
BM_ShaZK_fp2_128/1   10533125 ns     10389500 ns            2
BM_ShaZK_fp2_128/2   16594875 ns     15542000 ns            2
BM_ShaZK_fp2_128/4   28108459 ns     27860500 ns            2
BM_ShaZK_fp2_128/8   50398042 ns     49776500 ns            2
       10.77 real         9.43 user         0.42 sys
           433504256  maximum resident set size
                   0  average shared memory size
                   0  average unshared data size
                   0  average unshared stack size
               98130  page reclaims
                 359  page faults
                   0  swaps
                   0  block input operations
                   0  block output operations
                   0  messages sent
                   0  messages received
                   0  signals received
                  27  voluntary context switches
               44802  involuntary context switches
            49106200  instructions retired
            20949268  cycles elapsed
             2589888  peak memory footprint
[heavy] lf-vendor-bench: 10.8s rc=4
