# 18 sessions, 8 variants, 280 s wall
variant   probe  agree lab ok/wrong/und  |dfl| med/max cm lost/base gain  dMarg med/p10 dB marg med/min NEARmax/FARmin core R1CS full R1CS
win5r     JB    13/18     15/0/0          0.00/186.1       0/144     0    +0.22/-0.44     18.3/4.6      33.8/102.0    1.96e+08  4.98e+10
win5r     N1s   18/18     15/0/0          0.00/0.0         0/144     0    -0.06/-0.66     19.5/8.4      34.1/102.6    1.96e+08  4.98e+10
win2r     JB    13/18     15/0/0          0.00/186.1       0/144     0    +0.14/-0.71     18.3/4.4      33.8/102.0    8.49e+07  2.10e+10
win2r     N1s   18/18     15/0/0          0.00/0.0         0/144     0    -0.13/-0.92     19.3/8.6      34.1/102.6    8.49e+07  2.10e+10
lean_er   JB    12/18     14/0/1          0.73/186.9       1/144     0    -6.53/-7.16     11.8/2.1      34.3/101.8    2.14e+07  2.14e+07
lean_er   N1s   18/18     15/0/0          0.73/3.2         0/144     0    -6.33/-6.97     13.3/1.7      33.9/101.8    2.14e+07  2.14e+07
lean_fr   JB    12/18     14/0/1          0.73/186.9       1/144     0   -10.55/-11.39     7.9/0.2      34.3/101.8    8.70e+06  8.70e+06
lean_fr   N1s   18/18     15/0/0          0.73/7.5         0/144     0   -10.53/-11.32     9.1/0.5      33.6/102.0    8.70e+06  8.70e+06
lean_gr   JB    12/18     14/0/1          1.09/186.9       1/144     0    -7.59/-8.26     10.6/0.3      34.1/101.8    1.97e+07  1.97e+07
lean_gr   N1s   18/18     15/0/0          0.74/2.8         0/144     0    -7.74/-8.46     11.8/1.2      33.4/102.0    1.97e+07  1.97e+07
lean_hr   JB    12/18     14/0/1          1.09/186.9       1/144     0    -8.25/-8.89     10.0/0.3      34.3/101.6    1.89e+07  1.89e+07
lean_hr   N1s   18/18     15/0/0          0.73/2.2         0/144     0    -8.56/-9.31     11.0/1.1      33.4/102.4    1.89e+07  1.89e+07
lean_ir   JB    12/18     14/0/1          1.44/186.9       1/144     0   -11.64/-12.68     6.4/0.7      34.1/102.4    8.03e+06  8.03e+06
lean_ir   N1s   18/18     15/0/0          1.09/8.2         0/144     0   -11.67/-12.47     7.8/0.3      33.2/102.2    8.03e+06  8.03e+06
lean_kr   JB    11/18     13/0/2          1.09/186.9       2/144     0   -12.31/-13.51     5.8/0.3      33.9/103.3    7.68e+06  7.68e+06
lean_kr   N1s   18/18     15/0/0          1.09/9.6         0/144     0   -12.52/-13.58     6.8/0.5      33.4/102.2    7.68e+06  7.68e+06
fixed T lean_er: JB min/med/max 8.47/8.66/8.68 %, N1s min/med/max 7.91/8.00/8.02 %
fixed T lean_fr: JB min/med/max 13.05/13.42/13.49 %, N1s min/med/max 12.86/13.03/13.07 %
fixed T lean_gr: JB min/med/max 7.68/7.82/7.84 %, N1s min/med/max 7.34/7.45/7.46 %
fixed T lean_hr: JB min/med/max 6.89/6.93/6.95 %, N1s min/med/max 6.70/6.72/6.73 %
fixed T lean_ir: JB min/med/max 11.91/12.09/12.11 %, N1s min/med/max 11.61/11.74/11.77 %
fixed T lean_kr: JB min/med/max 10.80/10.83/10.85 %, N1s min/med/max 10.61/10.68/10.71 %
expected-centred +-5 ms: 288/288 baseline arrivals outside; arrival - expected min/med/max 71.7/106.8/141.3 ms
expected-centred +-2 ms: 288/288 baseline arrivals outside; arrival - expected min/med/max 71.7/106.8/141.3 ms
labels win5r     JB   0417:200F 245b:60U 25a7:0N 4896:0N 4c0a:200F 5682:30N 5a95:60U 64d2:60U 74c2:0N 7ec2:0N 835b:30N c72c:30N cfb7:100F d592:100F d83c:30N dbfa:30N e8a9:100F f667:30N
labels win5r     N1s  0417:200F 245b:60U 25a7:0N 4896:0N 4c0a:200F 5682:30N 5a95:60U 64d2:60U 74c2:0N 7ec2:0N 835b:30N c72c:30N cfb7:100F d592:100F d83c:30N dbfa:30N e8a9:100F f667:30N
labels win2r     JB   0417:200F 245b:60U 25a7:0N 4896:0N 4c0a:200F 5682:30N 5a95:60U 64d2:60U 74c2:0N 7ec2:0N 835b:30N c72c:30N cfb7:100F d592:100F d83c:30N dbfa:30N e8a9:100F f667:30N
labels win2r     N1s  0417:200F 245b:60U 25a7:0N 4896:0N 4c0a:200F 5682:30N 5a95:60U 64d2:60U 74c2:0N 7ec2:0N 835b:30N c72c:30N cfb7:100F d592:100F d83c:30N dbfa:30N e8a9:100F f667:30N
labels lean_er   JB   0417:200F 245b:60U 25a7:0U 4896:0N 4c0a:200F 5682:30N 5a95:60U 64d2:60U 74c2:0N 7ec2:0N 835b:30N c72c:30N cfb7:100F d592:100F d83c:30N dbfa:30N e8a9:100F f667:30N
labels lean_er   N1s  0417:200F 245b:60U 25a7:0N 4896:0N 4c0a:200F 5682:30N 5a95:60U 64d2:60U 74c2:0N 7ec2:0N 835b:30N c72c:30N cfb7:100F d592:100F d83c:30N dbfa:30N e8a9:100F f667:30N
labels lean_fr   JB   0417:200F 245b:60U 25a7:0U 4896:0N 4c0a:200F 5682:30N 5a95:60U 64d2:60U 74c2:0N 7ec2:0N 835b:30N c72c:30N cfb7:100F d592:100F d83c:30N dbfa:30N e8a9:100F f667:30N
labels lean_fr   N1s  0417:200F 245b:60U 25a7:0N 4896:0N 4c0a:200F 5682:30N 5a95:60U 64d2:60U 74c2:0N 7ec2:0N 835b:30N c72c:30N cfb7:100F d592:100F d83c:30N dbfa:30N e8a9:100F f667:30N
labels lean_gr   JB   0417:200F 245b:60U 25a7:0U 4896:0N 4c0a:200F 5682:30N 5a95:60U 64d2:60U 74c2:0N 7ec2:0N 835b:30N c72c:30N cfb7:100F d592:100F d83c:30N dbfa:30N e8a9:100F f667:30N
labels lean_gr   N1s  0417:200F 245b:60U 25a7:0N 4896:0N 4c0a:200F 5682:30N 5a95:60U 64d2:60U 74c2:0N 7ec2:0N 835b:30N c72c:30N cfb7:100F d592:100F d83c:30N dbfa:30N e8a9:100F f667:30N
labels lean_hr   JB   0417:200F 245b:60U 25a7:0U 4896:0N 4c0a:200F 5682:30N 5a95:60U 64d2:60U 74c2:0N 7ec2:0N 835b:30N c72c:30N cfb7:100F d592:100F d83c:30N dbfa:30N e8a9:100F f667:30N
labels lean_hr   N1s  0417:200F 245b:60U 25a7:0N 4896:0N 4c0a:200F 5682:30N 5a95:60U 64d2:60U 74c2:0N 7ec2:0N 835b:30N c72c:30N cfb7:100F d592:100F d83c:30N dbfa:30N e8a9:100F f667:30N
labels lean_ir   JB   0417:200F 245b:60U 25a7:0U 4896:0N 4c0a:200F 5682:30N 5a95:60U 64d2:60U 74c2:0N 7ec2:0N 835b:30N c72c:30N cfb7:100F d592:100F d83c:30N dbfa:30N e8a9:100F f667:30N
labels lean_ir   N1s  0417:200F 245b:60U 25a7:0N 4896:0N 4c0a:200F 5682:30N 5a95:60U 64d2:60U 74c2:0N 7ec2:0N 835b:30N c72c:30N cfb7:100F d592:100F d83c:30N dbfa:30N e8a9:100F f667:30N
labels lean_kr   JB   0417:200F 245b:60U 25a7:0U 4896:0N 4c0a:200F 5682:30N 5a95:60U 64d2:60U 74c2:0N 7ec2:0N 835b:30N c72c:30N cfb7:100F d592:100F d83c:30N dbfa:30N e8a9:100U f667:30N
labels lean_kr   N1s  0417:200F 245b:60U 25a7:0N 4896:0N 4c0a:200F 5682:30N 5a95:60U 64d2:60U 74c2:0N 7ec2:0N 835b:30N c72c:30N cfb7:100F d592:100F d83c:30N dbfa:30N e8a9:100F f667:30N
runtime per session (s): [70, 71, 71, 71, 55, 54, 54, 54, 47, 47, 47, 47, 56, 56, 55, 55, 49, 48]
