# 18 sessions, 7 variants, 255 s wall
variant   probe  agree lab ok/wrong/und  |dfl| med/max cm lost/base gain  dMarg med/p10 dB marg med/min NEARmax/FARmin core R1CS full R1CS
win2n     JB    11/18      9/0/6          0.00/134.7      18/144     0    +0.16/-0.78     17.9/4.3      30.4/102.0    8.49e+07  2.10e+10
win2n     N1s   18/18     15/0/0          0.00/0.0         0/144     0    -0.13/-0.92     19.3/8.6      34.1/102.6    8.49e+07  2.10e+10
lean_en   JB    11/18      9/0/6          0.73/135.8      21/144     0    -6.42/-7.04     11.7/2.2      31.4/101.8    2.14e+07  2.14e+07
lean_en   N1s   18/18     15/0/0          0.73/3.2         0/144     0    -6.33/-6.97     13.3/1.7      33.9/101.8    2.14e+07  2.14e+07
lean_fn   JB    11/18      9/0/6          0.73/135.1      21/144     0   -10.57/-11.37     7.5/0.2      30.7/101.8    8.70e+06  8.70e+06
lean_fn   N1s   18/18     15/0/0          0.73/7.5         0/144     0   -10.53/-11.32     9.1/0.5      33.6/102.0    8.70e+06  8.70e+06
lean_gn   JB    11/18      9/0/6          0.73/135.4      21/144     0    -7.55/-8.20     10.4/0.3      29.7/101.8    1.97e+07  1.97e+07
lean_gn   N1s   18/18     15/0/0          0.74/2.8         0/144     0    -7.74/-8.46     11.8/1.2      33.4/102.0    1.97e+07  1.97e+07
lean_hn   JB    11/18      9/0/6          1.09/135.4      21/144     0    -8.24/-8.83      9.7/0.3      29.7/101.6    1.89e+07  1.89e+07
lean_hn   N1s   18/18     15/0/0          0.73/2.2         0/144     0    -8.56/-9.31     11.0/1.1      33.4/102.4    1.89e+07  1.89e+07
lean_in   JB    11/18      9/0/6          1.44/135.4      21/144     0   -11.71/-12.68     5.9/0.7      29.8/102.4    8.03e+06  8.03e+06
lean_in   N1s   18/18     15/0/0          1.09/8.2         0/144     0   -11.67/-12.47     7.8/0.3      33.2/102.2    8.03e+06  8.03e+06
lean_kn   JB    10/18      8/0/7          1.09/135.4      21/144     0   -12.32/-13.50     5.4/0.3      29.7/103.3    7.68e+06  7.68e+06
lean_kn   N1s   18/18     15/0/0          1.09/9.6         0/144     0   -12.52/-13.58     6.8/0.5      33.4/102.2    7.68e+06  7.68e+06
fixed T lean_en: JB min/med/max 8.42/8.57/8.61 %, N1s min/med/max 7.91/8.00/8.02 %
fixed T lean_fn: JB min/med/max 13.11/13.47/13.51 %, N1s min/med/max 12.86/13.03/13.07 %
fixed T lean_gn: JB min/med/max 7.68/7.79/7.81 %, N1s min/med/max 7.34/7.45/7.46 %
fixed T lean_hn: JB min/med/max 6.90/6.94/6.96 %, N1s min/med/max 6.70/6.72/6.73 %
fixed T lean_in: JB min/med/max 11.94/12.14/12.16 %, N1s min/med/max 11.61/11.74/11.77 %
fixed T lean_kn: JB min/med/max 10.79/10.82/10.84 %, N1s min/med/max 10.61/10.68/10.71 %
expected-centred +-5 ms: 288/288 baseline arrivals outside; arrival - expected min/med/max 71.7/106.8/141.3 ms
expected-centred +-2 ms: 288/288 baseline arrivals outside; arrival - expected min/med/max 71.7/106.8/141.3 ms
labels win2n     JB   0417:200F 245b:60U 25a7:0U 4896:0U 4c0a:200F 5682:30U 5a95:60U 64d2:60U 74c2:0N 7ec2:0U 835b:30U c72c:30N cfb7:100F d592:100F d83c:30N dbfa:30N e8a9:100F f667:30U
labels win2n     N1s  0417:200F 245b:60U 25a7:0N 4896:0N 4c0a:200F 5682:30N 5a95:60U 64d2:60U 74c2:0N 7ec2:0N 835b:30N c72c:30N cfb7:100F d592:100F d83c:30N dbfa:30N e8a9:100F f667:30N
labels lean_en   JB   0417:200F 245b:60U 25a7:0U 4896:0U 4c0a:200F 5682:30U 5a95:60U 64d2:60U 74c2:0N 7ec2:0U 835b:30U c72c:30N cfb7:100F d592:100F d83c:30N dbfa:30N e8a9:100F f667:30U
labels lean_en   N1s  0417:200F 245b:60U 25a7:0N 4896:0N 4c0a:200F 5682:30N 5a95:60U 64d2:60U 74c2:0N 7ec2:0N 835b:30N c72c:30N cfb7:100F d592:100F d83c:30N dbfa:30N e8a9:100F f667:30N
labels lean_fn   JB   0417:200F 245b:60U 25a7:0U 4896:0U 4c0a:200F 5682:30U 5a95:60U 64d2:60U 74c2:0N 7ec2:0U 835b:30U c72c:30N cfb7:100F d592:100F d83c:30N dbfa:30N e8a9:100F f667:30U
labels lean_fn   N1s  0417:200F 245b:60U 25a7:0N 4896:0N 4c0a:200F 5682:30N 5a95:60U 64d2:60U 74c2:0N 7ec2:0N 835b:30N c72c:30N cfb7:100F d592:100F d83c:30N dbfa:30N e8a9:100F f667:30N
labels lean_gn   JB   0417:200F 245b:60U 25a7:0U 4896:0U 4c0a:200F 5682:30U 5a95:60U 64d2:60U 74c2:0N 7ec2:0U 835b:30U c72c:30N cfb7:100F d592:100F d83c:30N dbfa:30N e8a9:100F f667:30U
labels lean_gn   N1s  0417:200F 245b:60U 25a7:0N 4896:0N 4c0a:200F 5682:30N 5a95:60U 64d2:60U 74c2:0N 7ec2:0N 835b:30N c72c:30N cfb7:100F d592:100F d83c:30N dbfa:30N e8a9:100F f667:30N
labels lean_hn   JB   0417:200F 245b:60U 25a7:0U 4896:0U 4c0a:200F 5682:30U 5a95:60U 64d2:60U 74c2:0N 7ec2:0U 835b:30U c72c:30N cfb7:100F d592:100F d83c:30N dbfa:30N e8a9:100F f667:30U
labels lean_hn   N1s  0417:200F 245b:60U 25a7:0N 4896:0N 4c0a:200F 5682:30N 5a95:60U 64d2:60U 74c2:0N 7ec2:0N 835b:30N c72c:30N cfb7:100F d592:100F d83c:30N dbfa:30N e8a9:100F f667:30N
labels lean_in   JB   0417:200F 245b:60U 25a7:0U 4896:0U 4c0a:200F 5682:30U 5a95:60U 64d2:60U 74c2:0N 7ec2:0U 835b:30U c72c:30N cfb7:100F d592:100F d83c:30N dbfa:30N e8a9:100F f667:30U
labels lean_in   N1s  0417:200F 245b:60U 25a7:0N 4896:0N 4c0a:200F 5682:30N 5a95:60U 64d2:60U 74c2:0N 7ec2:0N 835b:30N c72c:30N cfb7:100F d592:100F d83c:30N dbfa:30N e8a9:100F f667:30N
labels lean_kn   JB   0417:200F 245b:60U 25a7:0U 4896:0U 4c0a:200F 5682:30U 5a95:60U 64d2:60U 74c2:0N 7ec2:0U 835b:30U c72c:30N cfb7:100F d592:100F d83c:30N dbfa:30N e8a9:100U f667:30U
labels lean_kn   N1s  0417:200F 245b:60U 25a7:0N 4896:0N 4c0a:200F 5682:30N 5a95:60U 64d2:60U 74c2:0N 7ec2:0N 835b:30N c72c:30N cfb7:100F d592:100F d83c:30N dbfa:30N e8a9:100F f667:30N
runtime per session (s): [25, 25, 25, 25, 64, 65, 64, 64, 66, 68, 68, 67, 61, 59, 61, 60, 38, 38]
